// Jest Snapshot v1, https://goo.gl/fbAQLP

exports[`renders ./components/activity-indicator/demo/basic.md correctly 1`] = `
<div>
  <div
    class="ej-wingblank ej-wingblank-lg"
  >
    <div
      class="loading-container"
    >
      <p
        class="sub-title"
      >
        Without text
      </p>
      <div
        class="loading-example"
      >
        <div
          class="ej-activity-indicator ej-activity-indicator-sm"
        >
          <span
            aria-label="loading"
            class="ej-activity-indicator-spinner"
          />
        </div>
      </div>
      <p
        class="sub-title"
      >
        With text
      </p>
      <div
        class="loading-example"
      >
        <div
          class="ej-activity-indicator ej-activity-indicator-sm"
        >
          <span
            aria-hidden="true"
            class="ej-activity-indicator-spinner"
          />
          <span
            class="ej-activity-indicator-tip"
          >
            Loading...
          </span>
        </div>
      </div>
      <p
        class="sub-title"
      >
        With large size and customized text style
      </p>
      <div
        class="loading-example"
      >
        <div
          class="align"
        >
          <div
            class="ej-activity-indicator ej-activity-indicator-lg"
          >
            <span
              aria-label="loading"
              class="ej-activity-indicator-spinner ej-activity-indicator-spinner-lg"
            />
          </div>
          <span
            style="margin-top:8px"
          >
            Loading...
          </span>
        </div>
      </div>
    </div>
    <div
      class="toast-container"
    >
      <div
        class="ej-whitespace ej-whitespace-xl"
      />
      <a
        aria-disabled="false"
        class="ej-button"
        role="button"
      >
        <span>
          click to show Toast
        </span>
      </a>
      <div
        class="toast-example"
      />
    </div>
  </div>
</div>
`;
