// Jest Snapshot v1, https://goo.gl/fbAQLP

exports[`renders ./components/badge/demo/basic.md correctly 1`] = `
<div
  class="ej-list"
>
  <div
    class="ej-list-body"
  >
    <div
      class="ej-list-item ej-list-item-middle"
    >
      <div
        class="ej-list-line"
      >
        <div
          class="ej-list-content"
        >
          <span
            class="ej-badge"
          >
            <span
              style="width:26px;height:26px;background:#ddd;display:inline-block"
            />
            <sup
              class="ej-badge-dot"
            />
          </span>
          <span
            style="margin-left:12px"
          >
            Dot badge
          </span>
        </div>
        <div
          class="ej-list-extra"
        >
          extra content
        </div>
        <div
          aria-hidden="true"
          class="ej-list-arrow ej-list-arrow-horizontal"
        />
      </div>
      <div
        class="ej-list-ripple"
        style="display:none"
      />
    </div>
    <div
      class="ej-list-item ej-list-item-middle"
    >
      <div
        class="ej-list-thumb"
      >
        <img
          src="https://zos.alipayobjects.com/rmsportal/faMhXAxhCzLvveJ.png"
        />
      </div>
      <div
        class="ej-list-line"
      >
        <div
          class="ej-list-content"
        >
          Content
        </div>
        <div
          class="ej-list-extra"
        >
          <span
            class="ej-badge ej-badge-not-a-wrapper"
          >
            <sup
              class="ej-badge-text"
            >
              55+
            </sup>
          </span>
        </div>
        <div
          aria-hidden="true"
          class="ej-list-arrow ej-list-arrow-horizontal"
        />
      </div>
      <div
        class="ej-list-ripple"
        style="display:none"
      />
    </div>
    <div
      class="ej-list-item ej-list-item-middle"
    >
      <div
        class="ej-list-line"
      >
        <div
          class="ej-list-content"
        >
          <span
            class="ej-badge ej-badge-corner-wrapper"
          >
            <div
              class="corner-badge"
            >
              Use corner prop
            </div>
            <sup
              class="ej-badge-corner"
            >
              促
            </sup>
          </span>
        </div>
      </div>
      <div
        class="ej-list-ripple"
        style="display:none"
      />
    </div>
    <div
      class="ej-list-item special-badge ej-list-item-middle"
    >
      <div
        class="ej-list-line"
      >
        <div
          class="ej-list-content"
        >
          Custom corner
        </div>
        <div
          class="ej-list-extra"
        >
          <span
            class="ej-badge ej-badge-not-a-wrapper"
          >
            <sup
              class="ej-badge-text"
            >
              促
            </sup>
          </span>
        </div>
      </div>
      <div
        class="ej-list-ripple"
        style="display:none"
      />
    </div>
    <div
      class="ej-list-item ej-list-item-middle"
    >
      <div
        class="ej-list-line"
      >
        <div
          class="ej-list-content"
        >
          <span
            class="ej-badge"
          >
            Text number 0
          </span>
          <span
            class="ej-badge ej-badge-not-a-wrapper"
          >
            <sup
              class="ej-badge-text"
              style="margin-left:12px"
            >
              new
            </sup>
          </span>
        </div>
        <div
          class="ej-list-extra"
        >
          extra
        </div>
        <div
          aria-hidden="true"
          class="ej-list-arrow ej-list-arrow-horizontal"
        />
      </div>
      <div
        class="ej-list-ripple"
        style="display:none"
      />
    </div>
    <div
      class="ej-list-item ej-list-item-middle"
    >
      <div
        class="ej-list-line"
      >
        <div
          class="ej-list-content"
        >
          Marketing:
          <span
            class="ej-badge ej-badge-not-a-wrapper ej-badge-hot"
          >
            <sup
              class="ej-badge-text"
              style="margin-left:12px"
            >
              减
            </sup>
          </span>
          <span
            class="ej-badge ej-badge-not-a-wrapper ej-badge-hot"
          >
            <sup
              class="ej-badge-text"
              style="margin-left:12px"
            >
              惠
            </sup>
          </span>
          <span
            class="ej-badge ej-badge-not-a-wrapper ej-badge-hot"
          >
            <sup
              class="ej-badge-text"
              style="margin-left:12px"
            >
              免
            </sup>
          </span>
          <span
            class="ej-badge ej-badge-not-a-wrapper ej-badge-hot"
          >
            <sup
              class="ej-badge-text"
              style="margin-left:12px"
            >
              反
            </sup>
          </span>
          <span
            class="ej-badge ej-badge-not-a-wrapper ej-badge-hot"
          >
            <sup
              class="ej-badge-text"
              style="margin-left:12px"
            >
              HOT
            </sup>
          </span>
        </div>
      </div>
      <div
        class="ej-list-ripple"
        style="display:none"
      />
    </div>
    <div
      class="ej-list-item ej-list-item-middle"
    >
      <div
        class="ej-list-line"
      >
        <div
          class="ej-list-content"
        >
          Customize
          <span
            class="ej-badge ej-badge-not-a-wrapper"
          >
            <sup
              class="ej-badge-text"
              style="margin-left:12px;padding:0 3px;background-color:#f19736;border-radius:2px"
            >
              券
            </sup>
          </span>
          <span
            class="ej-badge ej-badge-not-a-wrapper"
          >
            <sup
              class="ej-badge-text"
              style="margin-left:12px;padding:0 3px;background-color:#21b68a;border-radius:2px"
            >
              NEW
            </sup>
          </span>
          <span
            class="ej-badge ej-badge-not-a-wrapper"
          >
            <sup
              class="ej-badge-text"
              style="margin-left:12px;padding:0 3px;background-color:#fff;border-radius:2px;color:#f19736;border:1px solid #f19736"
            >
              自动缴费
            </sup>
          </span>
        </div>
      </div>
      <div
        class="ej-list-ripple"
        style="display:none"
      />
    </div>
  </div>
</div>
`;
