// Jest Snapshot v1, https://goo.gl/fbAQLP

exports[`NoticeBar renders correctly 1`] = `
<View
  accessibilityComponentType={undefined}
  accessibilityLabel={undefined}
  accessibilityTraits={undefined}
  accessible={true}
  hitSlop={undefined}
  nativeID={undefined}
  onLayout={undefined}
  onResponderGrant={[Function]}
  onResponderMove={[Function]}
  onResponderRelease={[Function]}
  onResponderTerminate={[Function]}
  onResponderTerminationRequest={[Function]}
  onStartShouldSetResponder={[Function]}
  style={
    Array [
      Object {
        "alignItems": "center",
        "backgroundColor": "#fffada",
        "flexDirection": "row",
        "height": 36,
        "overflow": "hidden",
      },
      undefined,
    ]
  }
  testID={undefined}
>
  <View
    style={
      Object {
        "marginLeft": 15,
      }
    }
  >
    <Image
      source={
        Object {
          "uri": "https://zos.alipayobjects.com/rmsportal/UgviADRsIpznkjSEXWEaPTlKtPCMSlth.png",
        }
      }
      style={
        Object {
          "height": 12,
          "width": 14,
        }
      }
    />
  </View>
  <View
    style={
      Array [
        Object {
          "flex": 1,
          "marginRight": 15,
          "overflow": "hidden",
          "width": 0,
        },
        Object {
          "marginLeft": 5,
        },
      ]
    }
  >
    <View
      onLayout={[Function]}
      style={
        Object {
          "alignItems": "center",
          "flex": 1,
          "flexDirection": "row",
        }
      }
    >
      <View
        collapsable={undefined}
        style={
          Object {
            "flexDirection": "row",
            "left": 0,
            "width": 1000,
          }
        }
      >
        <Text
          accessible={true}
          allowFontScaling={true}
          disabled={false}
          ellipsizeMode="tail"
          numberOfLines={1}
          onLayout={[Function]}
          style={
            Object {
              "color": "#f4333c",
              "fontSize": 15,
            }
          }
        >
          foo
        </Text>
      </View>
    </View>
  </View>
</View>
`;
