// Jest Snapshot v1, https://goo.gl/fbAQLP

exports[`renders ./components/tab-bar/demo/basic.md correctly 1`] = `
<div
  style="height:400px"
>
  <div
    class="ej-tab-bar"
  >
    <div
      class="ej-tabs ej-tabs-horizontal ej-tabs-bottom"
    >
      <div
        class="ej-tabs-content-wrap"
        style="touch-action:pan-x pan-y;position:relative;left:-100%"
      >
        <div
          class="ej-tabs-pane-wrap ej-tabs-pane-wrap-inactive"
        >
          <div
            class="ej-tab-bar-item"
          >
            <div
              style="background-color:white;height:100%;text-align:center"
            >
              <div
                style="padding-top:60px"
              >
                Clicked “Life” tab， show “Life” information
              </div>
              <a
                style="display:block;margin-top:40px;margin-bottom:20px;color:#108ee9"
              >
                Click to show/hide tab-bar
              </a>
              <a
                style="display:block;margin-bottom:600px;color:#108ee9"
              >
                Click to switch fullscreen
              </a>
            </div>
          </div>
        </div>
        <div
          class="ej-tabs-pane-wrap ej-tabs-pane-wrap-active"
        >
          <div
            class="ej-tab-bar-item"
          >
            <div
              style="background-color:white;height:100%;text-align:center"
            >
              <div
                style="padding-top:60px"
              >
                Clicked “Koubei” tab， show “Koubei” information
              </div>
              <a
                style="display:block;margin-top:40px;margin-bottom:20px;color:#108ee9"
              >
                Click to show/hide tab-bar
              </a>
              <a
                style="display:block;margin-bottom:600px;color:#108ee9"
              >
                Click to switch fullscreen
              </a>
            </div>
          </div>
        </div>
        <div
          class="ej-tabs-pane-wrap ej-tabs-pane-wrap-inactive"
        >
          <div
            class="ej-tab-bar-item"
          >
            <div
              style="background-color:white;height:100%;text-align:center"
            >
              <div
                style="padding-top:60px"
              >
                Clicked “Friend” tab， show “Friend” information
              </div>
              <a
                style="display:block;margin-top:40px;margin-bottom:20px;color:#108ee9"
              >
                Click to show/hide tab-bar
              </a>
              <a
                style="display:block;margin-bottom:600px;color:#108ee9"
              >
                Click to switch fullscreen
              </a>
            </div>
          </div>
        </div>
        <div
          class="ej-tabs-pane-wrap ej-tabs-pane-wrap-inactive"
        />
      </div>
      <div
        class="ej-tabs-tab-bar-wrap"
      >
        <div
          class="ej-tab-bar-bar"
          style="background-color:white"
        >
          <div
            class="ej-tab-bar-tab"
            data-seed="logId"
          >
            <div
              class="ej-tab-bar-tab-icon"
              style="color:#949494"
            >
              <span
                class="ej-badge ej-tab-bar-tab-badge tab-badge"
              >
                 
                <div
                  style="width:22px;height:22px;background:url(https://zos.alipayobjects.com/rmsportal/sifuoDUQdAFKAVcFGROC.svg) center center /  21px 21px no-repeat"
                />
                 
                <sup
                  class="ej-badge-text"
                >
                  1
                </sup>
              </span>
            </div>
            <p
              class="ej-tab-bar-tab-title"
              style="color:#949494"
            >
              Life
            </p>
          </div>
          <div
            class="ej-tab-bar-tab"
            data-seed="logId1"
          >
            <div
              class="ej-tab-bar-tab-icon"
              style="color:#33A3F4"
            >
              <span
                class="ej-badge ej-tab-bar-tab-badge tab-badge"
              >
                 
                <div
                  style="width:22px;height:22px;background:url(https://gw.alipayobjects.com/zos/rmsportal/ekLecvKBnRazVLXbWOnE.svg) center center /  21px 21px no-repeat"
                />
                 
                <sup
                  class="ej-badge-text"
                >
                  new
                </sup>
              </span>
            </div>
            <p
              class="ej-tab-bar-tab-title"
              style="color:#33A3F4"
            >
              Koubei
            </p>
          </div>
          <div
            class="ej-tab-bar-tab"
          >
            <div
              class="ej-tab-bar-tab-icon"
              style="color:#949494"
            >
              <span
                class="ej-badge ej-tab-bar-tab-badge tab-dot"
              >
                <div
                  style="width:22px;height:22px;background:url(https://zos.alipayobjects.com/rmsportal/psUFoAMjkCcjqtUCNPxB.svg) center center /  21px 21px no-repeat"
                />
                <sup
                  class="ej-badge-dot"
                />
              </span>
            </div>
            <p
              class="ej-tab-bar-tab-title"
              style="color:#949494"
            >
              Friend
            </p>
          </div>
          <div
            class="ej-tab-bar-tab"
          >
            <div
              class="ej-tab-bar-tab-icon"
              style="color:#949494"
            >
              <img
                alt="My"
                class="ej-tab-bar-tab-image"
                src="https://zos.alipayobjects.com/rmsportal/asJMfBrNqpMMlVpeInPQ.svg"
              />
            </div>
            <p
              class="ej-tab-bar-tab-title"
              style="color:#949494"
            >
              My
            </p>
          </div>
        </div>
      </div>
    </div>
  </div>
</div>
`;
