// Jest Snapshot v1, https://goo.gl/fbAQLP

exports[`renders ./components/progress/demo/basic.md correctly 1`] = `
<div
  class="progress-container"
>
  <div
    aria-valuemax="100"
    aria-valuemin="0"
    aria-valuenow="30"
    class="ej-progress-outer ej-progress-fixed-outer"
    role="progressbar"
  >
    <div
      class="ej-progress-bar"
      style="width:30%;height:0"
    />
  </div>
  <div
    style="height:18px"
  />
  <div
    aria-valuemax="100"
    aria-valuemin="0"
    aria-valuenow="40"
    class="ej-progress-outer ej-progress-hide-outer"
    role="progressbar"
  >
    <div
      class="ej-progress-bar"
      style="width:0;height:0"
    />
  </div>
  <div
    class="show-info"
  >
    <div
      class="progress"
    >
      <div
        aria-valuemax="100"
        aria-valuemin="0"
        aria-valuenow="50"
        class="ej-progress-outer"
        role="progressbar"
      >
        <div
          class="ej-progress-bar"
          style="width:50%;height:0"
        />
      </div>
    </div>
    <div
      aria-hidden="true"
    >
      50%
    </div>
  </div>
  <div
    class="ej-whitespace ej-whitespace-xl"
  />
  <div
    class="ej-wingblank ej-wingblank-lg"
  >
    <a
      aria-disabled="false"
      class="ej-button"
      role="button"
    >
      <span>
        (+-)10
      </span>
    </a>
  </div>
</div>
`;
