// Jest Snapshot v1, https://goo.gl/fbAQLP

exports[`renders ./components/result/demo/basic.md correctly 1`] = `
<div
  class="result-example"
>
  <div
    class="sub-title"
  >
    支付成功
  </div>
  <div
    class="ej-result"
    role="alert"
  >
    <div
      class="ej-result-pic"
    >
      <img
        alt=""
        class="spe ej-icon ej-icon-md"
        src="https://gw.alipayobjects.com/zos/rmsportal/pdFARIqkrKEGVVEwotFe.svg"
      />
    </div>
    <div
      class="ej-result-title"
    >
      支付成功
    </div>
    <div
      class="ej-result-message"
    >
      <div>
        998.00元 
        <del>
          1098元
        </del>
      </div>
    </div>
  </div>
  <div
    class="ej-whitespace ej-whitespace-md"
  />
  <div
    class="sub-title"
  >
    验证成功
  </div>
  <div
    class="ej-result"
    role="alert"
  >
    <div
      class="ej-result-pic"
    >
      <svg
        class="spe ej-icon ej-icon-check-circle ej-icon-md"
        style="fill:#1F90E6"
      >
        <use
          href="#check-circle"
        />
      </svg>
    </div>
    <div
      class="ej-result-title"
    >
      验证成功
    </div>
    <div
      class="ej-result-message"
    >
      所提交内容已成功完成验证
    </div>
  </div>
  <div
    class="ej-whitespace ej-whitespace-md"
  />
  <div
    class="sub-title"
  >
    支付失败
  </div>
  <div
    class="ej-result"
    role="alert"
  >
    <div
      class="ej-result-pic"
    >
      <svg
        class="spe ej-icon ej-icon-cross-circle-o ej-icon-md"
        style="fill:#F13642"
      >
        <use
          href="#cross-circle-o"
        />
      </svg>
    </div>
    <div
      class="ej-result-title"
    >
      支付失败
    </div>
    <div
      class="ej-result-message"
    >
      所选银行卡余额不足
    </div>
  </div>
  <div
    class="ej-whitespace ej-whitespace-md"
  />
  <div
    class="sub-title"
  >
    等待处理
  </div>
  <div
    class="ej-result"
    role="alert"
  >
    <div
      class="ej-result-pic"
    >
      <img
        alt=""
        class="spe ej-icon ej-icon-md"
        src="https://gw.alipayobjects.com/zos/rmsportal/HWuSTipkjJRfTWekgTUG.svg"
      />
    </div>
    <div
      class="ej-result-title"
    >
      等待处理
    </div>
    <div
      class="ej-result-message"
    >
      已提交申请，等待银行处理
    </div>
  </div>
  <div
    class="ej-whitespace ej-whitespace-md"
  />
  <div
    class="sub-title"
  >
    操作失败
  </div>
  <div
    class="ej-result"
    role="alert"
  >
    <div
      class="ej-result-pic"
    >
      <img
        alt=""
        class="spe ej-icon ej-icon-md"
        src="https://gw.alipayobjects.com/zos/rmsportal/GIyMDJnuqmcqPLpHCSkj.svg"
      />
    </div>
    <div
      class="ej-result-title"
    >
      无法完成操作
    </div>
    <div
      class="ej-result-message"
    >
      由于你的支付宝账户还未绑定淘宝账户请登请登录www.taobao.com
    </div>
  </div>
</div>
`;
