// Jest Snapshot v1, https://goo.gl/fbAQLP

exports[`renders ./components/picker/demo/basic.md correctly 1`] = `
<div>
  <div
    class="ej-whitespace ej-whitespace-lg"
  />
  <div
    class="ej-list picker-list"
    style="background-color:white"
  >
    <div
      class="ej-list-body"
    >
      <div>
        <div
          class="ej-list-item ej-list-item-middle"
        >
          <div
            class="ej-list-line"
          >
            <div
              class="ej-list-content"
            >
              Multiple & cascader
            </div>
            <div
              class="ej-list-extra"
            >
              安徽省,六安市,金安区
            </div>
            <div
              aria-hidden="true"
              class="ej-list-arrow ej-list-arrow-horizontal"
            />
          </div>
          <div
            class="ej-list-ripple"
            style="display:none"
          />
        </div>
      </div>
      <div>
        <div
          class="ej-list-item ej-list-item-middle"
        >
          <div
            class="ej-list-line"
          >
            <div
              class="ej-list-content"
            >
              Multiple
            </div>
            <div
              class="ej-list-extra"
            >
              2013,春
            </div>
            <div
              aria-hidden="true"
              class="ej-list-arrow ej-list-arrow-horizontal"
            />
          </div>
          <div
            class="ej-list-ripple"
            style="display:none"
          />
        </div>
      </div>
      <div>
        <div
          class="ej-list-item ej-list-item-middle"
        >
          <div
            class="ej-list-line"
          >
            <div
              class="ej-list-content"
            >
              Single
            </div>
            <div
              class="ej-list-extra"
            >
              请选择
            </div>
            <div
              aria-hidden="true"
              class="ej-list-arrow ej-list-arrow-horizontal"
            />
          </div>
          <div
            class="ej-list-ripple"
            style="display:none"
          />
        </div>
      </div>
      <div>
        <div
          class="ej-list-item ej-list-item-middle"
        >
          <div
            class="ej-list-line"
          >
            <div
              class="ej-list-content"
            >
              Multiple & async
            </div>
            <div
              class="ej-list-extra"
            >
              请选择
            </div>
            <div
              aria-hidden="true"
              class="ej-list-arrow ej-list-arrow-horizontal"
            />
          </div>
          <div
            class="ej-list-ripple"
            style="display:none"
          />
        </div>
      </div>
      <div>
        <div
          style="background-color:#fff;padding-left:15px"
        >
          <div
            class="test"
            style="display:flex;height:45px;line-height:45px"
          >
            <div
              style="flex:1;overflow:hidden;text-overflow:ellipsis;white-space:nowrap"
            >
              Customized children
            </div>
            <div
              style="text-align:right;color:#888;margin-right:15px"
            >
              请选择(可选)
            </div>
          </div>
        </div>
      </div>
      <div>
        <div
          class="ej-list-item ej-list-item-middle"
        >
          <div
            class="ej-list-line"
          >
            <div
              class="ej-list-content"
            >
              Visible state
            </div>
            <div
              class="ej-list-extra"
            >
              请选择
            </div>
          </div>
          <div
            class="ej-list-ripple"
            style="display:none"
          />
        </div>
      </div>
    </div>
  </div>
</div>
`;
