// Jest Snapshot v1, https://goo.gl/fbAQLP

exports[`renders ./components/wing-blank/demo/basic.md correctly 1`] = `
<div
  style="padding:15px 0"
>
  <div
    class="ej-wingblank ej-wingblank-lg"
  >
    <div
      class=" placeholder"
    >
      Block
    </div>
  </div>
  <div
    class="ej-whitespace ej-whitespace-lg"
  />
  <div
    class="ej-wingblank ej-wingblank-md"
  >
    <div
      class=" placeholder"
    >
      Block
    </div>
  </div>
  <div
    class="ej-whitespace ej-whitespace-lg"
  />
  <div
    class="ej-wingblank ej-wingblank-sm"
  >
    <div
      class=" placeholder"
    >
      Block
    </div>
  </div>
</div>
`;
