// Jest Snapshot v1, https://goo.gl/fbAQLP

exports[`renders ./components/list/demo/basic.md correctly 1`] = `
<div>
  <div
    class="ej-list my-list"
  >
    <div
      class="ej-list-header"
    >
      Basic Style
    </div>
    <div
      class="ej-list-body"
    >
      <div
        class="ej-list-item ej-list-item-middle"
      >
        <div
          class="ej-list-line"
        >
          <div
            class="ej-list-content"
          >
            Title
          </div>
          <div
            class="ej-list-extra"
          >
            extra content
          </div>
        </div>
        <div
          class="ej-list-ripple"
          style="display:none"
        />
      </div>
    </div>
  </div>
  <div
    class="ej-list my-list"
  >
    <div
      class="ej-list-header"
    >
      Subtitle
    </div>
    <div
      class="ej-list-body"
    >
      <div
        class="ej-list-item ej-list-item-middle"
      >
        <div
          class="ej-list-line ej-list-line-multiple"
        >
          <div
            class="ej-list-content"
          >
            Title 
            <div
              class="ej-list-brief"
            >
              subtitle
            </div>
          </div>
          <div
            aria-hidden="true"
            class="ej-list-arrow ej-list-arrow-horizontal"
          />
        </div>
        <div
          class="ej-list-ripple"
          style="display:none"
        />
      </div>
      <div
        class="ej-list-item ej-list-item-middle"
      >
        <div
          class="ej-list-line ej-list-line-multiple"
        >
          <div
            class="ej-list-content"
          >
            ListItem （Android）
            <div
              class="ej-list-brief"
            >
              There may have water ripple effect of 
              <br />
               material if you set the click event.
            </div>
          </div>
          <div
            aria-hidden="true"
            class="ej-list-arrow ej-list-arrow-horizontal"
          />
        </div>
        <div
          class="ej-list-ripple"
          style="display:none"
        />
      </div>
      <div
        class="ej-list-item ej-list-item-middle"
      >
        <div
          class="ej-list-thumb"
        >
          <img
            src="https://zos.alipayobjects.com/rmsportal/dNuvNrtqUztHCwM.png"
          />
        </div>
        <div
          class="ej-list-line ej-list-line-multiple"
        >
          <div
            class="ej-list-content"
          >
            Title 
            <div
              class="ej-list-brief"
            >
              subtitle
            </div>
          </div>
          <div
            aria-hidden="true"
            class="ej-list-arrow ej-list-arrow-horizontal"
          />
        </div>
        <div
          class="ej-list-ripple"
          style="display:none"
        />
      </div>
    </div>
  </div>
  <div
    class="ej-list my-list"
  >
    <div
      class="ej-list-header"
    >
      Customized Right Side（Empty Content / Text / Image）
    </div>
    <div
      class="ej-list-body"
    >
      <div
        class="ej-list-item ej-list-item-middle"
      >
        <div
          class="ej-list-line"
        >
          <div
            class="ej-list-content"
          >
            Title
          </div>
        </div>
        <div
          class="ej-list-ripple"
          style="display:none"
        />
      </div>
      <div
        class="ej-list-item ej-list-item-middle"
      >
        <div
          class="ej-list-line"
        >
          <div
            class="ej-list-content"
          >
            Title
          </div>
          <div
            aria-hidden="true"
            class="ej-list-arrow ej-list-arrow-horizontal"
          />
        </div>
        <div
          class="ej-list-ripple"
          style="display:none"
        />
      </div>
      <div
        class="ej-list-item ej-list-item-middle"
      >
        <div
          class="ej-list-line"
        >
          <div
            class="ej-list-content"
          >
            Title
          </div>
          <div
            class="ej-list-extra"
          >
            extra content
          </div>
          <div
            aria-hidden="true"
            class="ej-list-arrow ej-list-arrow-horizontal"
          />
        </div>
        <div
          class="ej-list-ripple"
          style="display:none"
        />
      </div>
      <div
        class="ej-list-item ej-list-item-top"
      >
        <div
          class="ej-list-thumb"
        >
          <img
            src="https://zos.alipayobjects.com/rmsportal/dNuvNrtqUztHCwM.png"
          />
        </div>
        <div
          class="ej-list-line ej-list-line-multiple"
        >
          <div
            class="ej-list-content"
          >
            Title 
            <div
              class="ej-list-brief"
            >
              subtitle
            </div>
          </div>
          <div
            class="ej-list-extra"
          >
            10:30
          </div>
        </div>
        <div
          class="ej-list-ripple"
          style="display:none"
        />
      </div>
    </div>
  </div>
  <div
    class="ej-list my-list"
  >
    <div
      class="ej-list-header"
    >
      Align Vertical Center
    </div>
    <div
      class="ej-list-body"
    >
      <div
        class="ej-list-item ej-list-item-middle"
      >
        <div
          class="ej-list-line ej-list-line-multiple"
        >
          <div
            class="ej-list-content"
          >
            Title 
            <div
              class="ej-list-brief"
            >
              subtitle
            </div>
          </div>
          <div
            class="ej-list-extra"
          >
            extra content
          </div>
        </div>
        <div
          class="ej-list-ripple"
          style="display:none"
        />
      </div>
    </div>
  </div>
  <div
    class="ej-list"
  >
    <div
      class="ej-list-header"
    >
      Icon in the left
    </div>
    <div
      class="ej-list-body"
    >
      <div
        class="ej-list-item ej-list-item-middle"
      >
        <div
          class="ej-list-thumb"
        >
          <img
            src="https://zos.alipayobjects.com/rmsportal/dNuvNrtqUztHCwM.png"
          />
        </div>
        <div
          class="ej-list-line"
        >
          <div
            class="ej-list-content"
          >
            My wallet
          </div>
          <div
            aria-hidden="true"
            class="ej-list-arrow ej-list-arrow-horizontal"
          />
        </div>
        <div
          class="ej-list-ripple"
          style="display:none"
        />
      </div>
      <div
        class="ej-list-item ej-list-item-middle"
      >
        <div
          class="ej-list-thumb"
        >
          <img
            src="https://zos.alipayobjects.com/rmsportal/UmbJMbWOejVOpxe.png"
          />
        </div>
        <div
          class="ej-list-line"
        >
          <div
            class="ej-list-content"
          >
            My Cost Ratio
          </div>
          <div
            aria-hidden="true"
            class="ej-list-arrow ej-list-arrow-horizontal"
          />
        </div>
        <div
          class="ej-list-ripple"
          style="display:none"
        />
      </div>
    </div>
  </div>
  <div
    class="ej-list my-list"
  >
    <div
      class="ej-list-header"
    >
      Text Wrapping
    </div>
    <div
      class="ej-list-body"
    >
      <div
        class="ej-list-item ej-list-item-middle"
        data-seed="logId"
      >
        <div
          class="ej-list-line"
        >
          <div
            class="ej-list-content"
          >
            Single line，long text will be hidden with ellipsis；
          </div>
        </div>
        <div
          class="ej-list-ripple"
          style="display:none"
        />
      </div>
      <div
        class="ej-list-item ej-list-item-middle"
      >
        <div
          class="ej-list-line ej-list-line-wrap"
        >
          <div
            class="ej-list-content"
          >
            Multiple line，long text will wrap；Long Text Long Text Long Text Long Text Long Text Long Text
          </div>
        </div>
        <div
          class="ej-list-ripple"
          style="display:none"
        />
      </div>
      <div
        class="ej-list-item ej-list-item-top"
      >
        <div
          class="ej-list-line ej-list-line-multiple ej-list-line-wrap"
        >
          <div
            class="ej-list-content"
          >
            Multiple line and long text will wrap. Long Text Long Text Long Text
          </div>
          <div
            class="ej-list-extra"
          >
            extra content
          </div>
        </div>
        <div
          class="ej-list-ripple"
          style="display:none"
        />
      </div>
      <div
        class="ej-list-item spe ej-list-item-middle"
      >
        <div
          class="ej-list-line ej-list-line-wrap"
        >
          <div
            class="ej-list-content"
          >
            In rare cases, the text of right side will wrap in the single line with long text. long text long text long text
          </div>
          <div
            class="ej-list-extra"
          >
            no arrow
          </div>
          <div
            aria-hidden="true"
            class="ej-list-arrow"
          />
        </div>
        <div
          class="ej-list-ripple"
          style="display:none"
        />
      </div>
    </div>
  </div>
  <div
    class="ej-list my-list"
  >
    <div
      class="ej-list-header"
    >
      Other
    </div>
    <div
      class="ej-list-body"
    >
      <div
        class="ej-list-item ej-list-item-middle"
      >
        <div
          class="ej-list-line"
        >
          <div
            class="ej-list-content"
          >
            Click to disable
          </div>
          <div
            class="ej-list-extra"
          />
        </div>
        <div
          class="ej-list-ripple"
          style="display:none"
        />
      </div>
      <div
        class="ej-list-item ej-list-item-middle"
      >
        <div
          class="ej-list-line"
        >
          <div
            class="ej-list-content"
          >
            <select>
              <option
                selected=""
                value="1"
              >
                Html select element
              </option>
              <option
                disabled=""
                value="2"
              >
                Unable to select
              </option>
              <option
                value="3"
              >
                option 3
              </option>
            </select>
          </div>
        </div>
        <div
          class="ej-list-ripple"
          style="display:none"
        />
      </div>
    </div>
  </div>
</div>
`;

exports[`renders ./components/list/demo/form.md correctly 1`] = `
<form>
  <div
    class="ej-list"
  >
    <div
      class="ej-list-header"
    >
      Form Validation
    </div>
    <div
      class="ej-list-body"
    >
      <div
        class="ej-list-item ej-input-item ej-list-item-middle"
      >
        <div
          class="ej-list-line"
        >
          <div
            class="ej-input-label ej-input-label-5"
          >
            Account
          </div>
          <div
            class="ej-input-control"
          >
            <input
              placeholder="please input account"
              type="text"
              value=""
            />
          </div>
        </div>
      </div>
      <div
        class="ej-list-item ej-input-item ej-list-item-middle"
      >
        <div
          class="ej-list-line"
        >
          <div
            class="ej-input-label ej-input-label-5"
          >
            Password
          </div>
          <div
            class="ej-input-control"
          >
            <input
              placeholder="please input password"
              type="password"
              value=""
            />
          </div>
        </div>
      </div>
      <div
        class="ej-list-item ej-list-item-middle"
      >
        <div
          class="ej-list-line"
        >
          <div
            class="ej-list-content"
          >
            Confirm Infomation
          </div>
          <div
            class="ej-list-extra"
          >
            <label
              class="ej-switch"
            >
              <input
                checked=""
                class="ej-switch-checkbox"
                name=""
                type="checkbox"
                value="on"
              />
              <div
                class="checkbox"
              />
            </label>
          </div>
        </div>
        <div
          class="ej-list-ripple"
          style="display:none"
        />
      </div>
      <div
        class="ej-list-item ej-list-item-middle"
      >
        <div
          class="ej-list-line"
        >
          <div
            class="ej-list-content"
          >
            <div
              style="padding:7px"
            >
              <div
                class="ej-slider-wrapper"
              >
                <div
                  class="ej-slider"
                >
                  <div
                    class="ej-slider-rail"
                  />
                  <div
                    class="ej-slider-track ej-slider-track-1"
                    style="visibility:visible;left:20%;width:60%"
                  />
                  <div
                    class="ej-slider-step"
                  />
                  <div
                    aria-disabled="false"
                    aria-valuemax="100"
                    aria-valuemin="0"
                    aria-valuenow="20"
                    class="ej-slider-handle ej-slider-handle-1"
                    role="slider"
                    style="left:20%"
                  />
                  <div
                    aria-disabled="false"
                    aria-valuemax="100"
                    aria-valuemin="0"
                    aria-valuenow="80"
                    class="ej-slider-handle ej-slider-handle-2"
                    role="slider"
                    style="left:80%"
                  />
                  <div
                    class="ej-slider-mark"
                  />
                </div>
              </div>
            </div>
          </div>
        </div>
        <div
          class="ej-list-ripple"
          style="display:none"
        />
      </div>
      <div
        class="ej-list-item ej-list-item-middle"
      >
        <div
          class="ej-list-line"
        >
          <div
            class="ej-list-content"
          >
            Number of Subscribers
          </div>
          <div
            class="ej-list-extra"
          >
            <div
              class="ej-stepper showNumber"
              style="width:100%;min-width:100px"
            >
              <div
                class="ej-stepper-handler-wrap"
              >
                <span
                  aria-disabled="false"
                  aria-label="Increase Value"
                  class="ej-stepper-handler ej-stepper-handler-up "
                  role="button"
                  unselectable="unselectable"
                >
                  <svg
                    class="ej-icon ej-icon-plus ej-icon-xxs"
                  >
                    <use
                      href="#plus"
                    />
                  </svg>
                </span>
                <span
                  aria-disabled="false"
                  aria-label="Decrease Value"
                  class="ej-stepper-handler ej-stepper-handler-down "
                  role="button"
                  unselectable="unselectable"
                >
                  <svg
                    class="ej-icon ej-icon-minus ej-icon-xxs"
                  >
                    <use
                      href="#minus"
                    />
                  </svg>
                </span>
              </div>
              <div
                aria-valuemax="9007199254740991"
                aria-valuemin="-9007199254740991"
                aria-valuenow="20"
                class="ej-stepper-input-wrap"
                role="spinbutton"
              >
                <input
                  autocomplete="off"
                  class="ej-stepper-input"
                  max="9007199254740991"
                  min="-9007199254740991"
                  step="1"
                  value="20"
                />
              </div>
            </div>
          </div>
        </div>
        <div
          class="ej-list-ripple"
          style="display:none"
        />
      </div>
      <div
        class="ej-list-item ej-list-item-middle"
      >
        <div
          class="ej-list-line"
        >
          <div
            class="ej-list-content"
          >
            <a
              aria-disabled="false"
              class="ej-button ej-button-primary ej-button-small ej-button-inline"
              role="button"
            >
              <span>
                Submit
              </span>
            </a>
            <a
              aria-disabled="false"
              class="ej-button ej-button-small ej-button-inline"
              role="button"
              style="margin-left:2.5px"
            >
              <span>
                Reset
              </span>
            </a>
          </div>
        </div>
        <div
          class="ej-list-ripple"
          style="display:none"
        />
      </div>
    </div>
    <div
      class="ej-list-footer"
    />
  </div>
</form>
`;
