// Jest Snapshot v1, https://goo.gl/fbAQLP

exports[`renders ./components/range/demo/basic.md correctly 1`] = `
<div
  class="ej-slider-example"
>
  <div
    class="ej-whitespace ej-whitespace-lg"
  />
  <div
    class="ej-wingblank ej-wingblank-lg"
  >
    <p
      class="sub-title"
    >
      Basic range
    </p>
    <div
      class="ej-slider-wrapper"
    >
      <div
        class="ej-slider"
        style="margin-left:30px;margin-right:30px"
      >
        <div
          class="ej-slider-rail"
        />
        <div
          class="ej-slider-track ej-slider-track-1"
          style="visibility:visible;left:15%;width:35%"
        />
        <div
          class="ej-slider-step"
        />
        <div
          aria-disabled="false"
          aria-valuemax="20"
          aria-valuemin="0"
          aria-valuenow="3"
          class="ej-slider-handle ej-slider-handle-1"
          role="slider"
          style="left:15%"
        />
        <div
          aria-disabled="false"
          aria-valuemax="20"
          aria-valuemin="0"
          aria-valuenow="10"
          class="ej-slider-handle ej-slider-handle-2"
          role="slider"
          style="left:50%"
        />
        <div
          class="ej-slider-mark"
        />
      </div>
    </div>
  </div>
  <div
    class="ej-whitespace ej-whitespace-lg"
  />
  <div
    class="ej-wingblank ej-wingblank-lg"
  >
    <p
      class="sub-title"
    >
      Disabled range
    </p>
    <div
      class="ej-slider-wrapper"
    >
      <div
        class="ej-slider ej-slider-disabled"
        style="margin-left:30px;margin-right:30px"
      >
        <div
          class="ej-slider-rail"
        />
        <div
          class="ej-slider-track ej-slider-track-1"
          style="visibility:visible;left:15%;width:35%"
        />
        <div
          class="ej-slider-step"
        />
        <div
          aria-disabled="true"
          aria-valuemax="20"
          aria-valuemin="0"
          aria-valuenow="3"
          class="ej-slider-handle ej-slider-handle-1"
          role="slider"
          style="left:15%"
        />
        <div
          aria-disabled="true"
          aria-valuemax="20"
          aria-valuemin="0"
          aria-valuenow="10"
          class="ej-slider-handle ej-slider-handle-2"
          role="slider"
          style="left:50%"
        />
        <div
          class="ej-slider-mark"
        />
      </div>
    </div>
  </div>
  <div
    class="ej-whitespace ej-whitespace-lg"
  />
  <div
    class="ej-wingblank ej-wingblank-lg"
  >
    <p
      class="sub-title"
    >
      Range with customized style
    </p>
    <div
      class="ej-slider-wrapper"
    >
      <div
        class="ej-slider"
        style="margin-left:30px;margin-right:30px"
      >
        <div
          class="ej-slider-rail"
          style="background-color:black"
        />
        <div
          class="ej-slider-track ej-slider-track-1"
          style="visibility:visible;background-color:red;left:15%;width:35%"
        />
        <div
          class="ej-slider-step"
        />
        <div
          aria-disabled="false"
          aria-valuemax="20"
          aria-valuemin="0"
          aria-valuenow="3"
          class="ej-slider-handle ej-slider-handle-1"
          role="slider"
          style="background-color:yellow;left:15%"
        />
        <div
          aria-disabled="false"
          aria-valuemax="20"
          aria-valuemin="0"
          aria-valuenow="10"
          class="ej-slider-handle ej-slider-handle-2"
          role="slider"
          style="background-color:gray;left:50%"
        />
        <div
          class="ej-slider-mark"
        />
      </div>
    </div>
  </div>
</div>
`;
